SQL> ed
Wrote file afiedt.buf

SQL> CREATE TABLE Patient_Audit (
  2      audit_id NUMBER GENERATED ALWAYS AS IDENTITY PRIMARY KEY,
  3      patient_id NUMBER,
  4      old_first_name VARCHAR2(50),
  5      new_first_name VARCHAR2(50),
  6      old_phone_number VARCHAR2(20),
  7      new_phone_number VARCHAR2(20),
  8      changed_by VARCHAR2(100),
  9      change_time TIMESTAMP DEFAULT SYSTIMESTAMP
 10 );
SQL> r
  1  CREATE TABLE Patient_Audit (
  2      audit_id NUMBER GENERATED ALWAYS AS IDENTITY PRIMARY KEY,
  3      patient_id NUMBER,
  4      old_first_name VARCHAR2(50),
  5      new_first_name VARCHAR2(50),
  6      old_phone_number VARCHAR2(20),
  7      new_phone_number VARCHAR2(20),
  8      changed_by VARCHAR2(100),
  9      change_time TIMESTAMP DEFAULT SYSTIMESTAMP
 10* )

Table created.

SQL> \ed
SP2-0042: unknown command "\ed" - rest of line ignored.
Help: https://docs.oracle.com/error-help/db/sp2-0042/
SQL> ed
Wrote file afiedt.buf

  1  CREATE OR REPLACE TRIGGER Patient_Update_Audit
  2  AFTER UPDATE ON Patients
  3  FOR EACH ROW
  4  BEGIN
  5      IF :OLD.first_name != :NEW.first_name OR :OLD.phone_number != :NEW.phone_number THEN
  6          INSERT INTO Patient_Audit (
  7              patient_id,
  8              old_first_name,
  9              new_first_name,
 10              old_phone_number,
 11              new_phone_number,
 12              changed_by
 13          ) VALUES (
 14              :NEW.patient_id,
 15              :OLD.first_name,
 16              :NEW.first_name,
 17              :OLD.phone_number,
 18              :NEW.phone_number,
 19              USER
 20          )
 21      END IF
 22* END
SQL> r
  1  CREATE OR REPLACE TRIGGER Patient_Update_Audit
  2  AFTER UPDATE ON Patients
  3  FOR EACH ROW
  4  BEGIN
  5      IF :OLD.first_name != :NEW.first_name OR :OLD.phone_number != :NEW.phone_number THEN
  6          INSERT INTO Patient_Audit (
  7              patient_id,
  8              old_first_name,
  9              new_first_name,
 10              old_phone_number,
 11              new_phone_number,
 12              changed_by
 13          ) VALUES (
 14              :NEW.patient_id,
 15              :OLD.first_name,
 16              :NEW.first_name,
 17              :OLD.phone_number,
 18              :NEW.phone_number,
 19              USER
 20          )
 21      END IF
 22* END

Warning: Trigger created with compilation errors.

SQL> ed
Wrote file afiedt.buf

  1  CREATE OR REPLACE TRIGGER Restrict_Operations_On_Birthday
  2  BEFORE INSERT OR UPDATE OR DELETE ON Patients
  3  DECLARE
  4      v_birthday DATE := TO_DATE('23-06', 'MM-DD')
  5  BEGIN
  6      IF TO_CHAR(SYSDATE, 'MM-DD') = TO_CHAR(v_birthday, 'MM-DD') THEN
  7          RAISE_APPLICATION_ERROR(-20001, 'Database operations are not allowed on the DBA''s birthday!')
  8      END IF
  9* END
SQL> r
  1  CREATE OR REPLACE TRIGGER Restrict_Operations_On_Birthday
  2  BEFORE INSERT OR UPDATE OR DELETE ON Patients
  3  DECLARE
  4      v_birthday DATE := TO_DATE('23-06', 'MM-DD')
  5  BEGIN
  6      IF TO_CHAR(SYSDATE, 'MM-DD') = TO_CHAR(v_birthday, 'MM-DD') THEN
  7          RAISE_APPLICATION_ERROR(-20001, 'Database operations are not allowed on the DBA''s birthday!')
  8      END IF
  9* END

Warning: Trigger created with compilation errors.

SQL> spool off;
